------------------------------------------------------------
Timing Analyzer Summary
------------------------------------------------------------

Type  : Slow 1100mV 85C Model Setup 'clk'
Slack : -0.620
TNS   : -3.443

Type  : Slow 1100mV 85C Model Hold 'clk'
Slack : 0.329
TNS   : 0.000

Type  : Slow 1100mV 85C Model Minimum Pulse Width 'clk'
Slack : 2.876
TNS   : 0.000

Type  : Slow 1100mV 0C Model Setup 'clk'
Slack : -0.601
TNS   : -3.356

Type  : Slow 1100mV 0C Model Hold 'clk'
Slack : 0.310
TNS   : 0.000

Type  : Slow 1100mV 0C Model Minimum Pulse Width 'clk'
Slack : 2.802
TNS   : 0.000

Type  : Fast 1100mV 85C Model Setup 'clk'
Slack : 2.631
TNS   : 0.000

Type  : Fast 1100mV 85C Model Hold 'clk'
Slack : 0.185
TNS   : 0.000

Type  : Fast 1100mV 85C Model Minimum Pulse Width 'clk'
Slack : 2.920
TNS   : 0.000

Type  : Fast 1100mV 0C Model Setup 'clk'
Slack : 3.012
TNS   : 0.000

Type  : Fast 1100mV 0C Model Hold 'clk'
Slack : 0.169
TNS   : 0.000

Type  : Fast 1100mV 0C Model Minimum Pulse Width 'clk'
Slack : 2.919
TNS   : 0.000

------------------------------------------------------------
